Resource Report
Microsemi Corporation - Microsemi Libero Software Release v12.6 (Version 12.900.20.24)
Date: Fri Aug 13 12:46:07 2021

Device Selection
+--------------------------------+----------------+
| Family                         | IGLOO2         |
| Device                         | M2GL025        |
| Package                        | 484 FBGA       |
| Speed Grade                    | -1             |
| Temp                           | 0:25:85        |
| Voltage                        | 1.26:1.20:1.14 |
| Core Voltage                   | 1.2V           |
| Ramp Rate                      | 100ms Minimum  |
| System Controller Suspend Mode | No             |
| PLL Supply Voltage             | 2.5V           |
| Default I/O technology         | LVCMOS 3.3V    |
| Restrict Probe Pins            | No             |
| Restrict SPI Pins              | No             |
+--------------------------------+----------------+

Source Files
+---------+------------------------------------------+
| Topcell | u8                                       |
| Format  | EDIF                                     |
| Source  | E:\DAC\igloo\soc\sdio25\synthesis\u8.edn |
+---------+------------------------------------------+

Options
+----------------------------------------------------+-------+
| Enable Single Event Transient mitigation           | false |
| Enable Design Separation Methodology               | false |
| Limit the number of high fanout nets to display to | 10    |
+----------------------------------------------------+-------+

Resource Usage
+---------------------------+------+-------+------------+
| Type                      | Used | Total | Percentage |
+---------------------------+------+-------+------------+
| 4LUT                      | 1482 | 27696 | 5.35       |
| DFF                       | 1121 | 27696 | 4.05       |
| I/O Register              | 0    | 801   | 0.00       |
| User I/O                  | 57   | 267   | 21.35      |
| -- Single-ended I/O       | 57   | 267   | 21.35      |
| -- Differential I/O Pairs | 0    | 133   | 0.00       |
| RAM64x18                  | 0    | 34    | 0.00       |
| RAM1K18                   | 0    | 31    | 0.00       |
| MACC                      | 0    | 34    | 0.00       |
| Chip Globals              | 16   | 16    | 100.00     |
| CCC                       | 1    | 6     | 16.67      |
| RCOSC_25_50MHZ            | 0    | 1     | 0.00       |
| RCOSC_1MHZ                | 0    | 1     | 0.00       |
| XTLOSC                    | 0    | 1     | 0.00       |
| HPMS                      | 1    | 1     | 100.00     |
+---------------------------+------+-------+------------+

Detailed Logic Resource Usage
+--------------------------+------+------+
| Type                     | 4LUT | DFF  |
+--------------------------+------+------+
| Fabric Logic             | 1482 | 1121 |
| RAM64x18 Interface Logic | 0    | 0    |
| RAM1K18 Interface Logic  | 0    | 0    |
| MACC Interface Logic     | 0    | 0    |
| Total Used               | 1482 | 1121 |
+--------------------------+------+------+

HPMS Resource Usage
+---------------+------+-------+
| Type          | Used | Total |
+---------------+------+-------+
| eNVM (256KB)* | 1    | 1     |
| eSRAM*        | 2    | 2     |
| SPI           | 0    | 1     |
| MDDR          | 0    | 1     |
| HPDMA         | 1    | 1     |
| PDMA          | 1    | 1     |
+---------------+------+-------+

* These resources are always marked as used when you are using the HPMS

Detailed Carry Chains Resource Usage
+--------+------+
| Length | Used |
| 2      | 31   |
| 6      | 3    |
| 8      | 1    |
| 9      | 3    |
| 10     | 2    |
| 14     | 3    |
| 15     | 1    |
| Total  | 44   |
+--------+------+

I/O Function
+-------------------------------+--------------+-------------+-----------------+
| Type                          | w/o register | w/ register | w/ DDR register |
+-------------------------------+--------------+-------------+-----------------+
| Input I/O                     | 4            | 0           | 0               |
| Output I/O                    | 45           | 0           | 0               |
| Bidirectional I/O             | 8            | 0           | 0               |
| Differential Input I/O Pairs  | 0            | 0           | 0               |
| Differential Output I/O Pairs | 0            | 0           | 0               |
+-------------------------------+--------------+-------------+-----------------+

I/O Technology
+--------------+--------+------+-------+--------+---------------+
| I/O Standard | Vddi   | Vref | Input | Output | Bidirectional |
+--------------+--------+------+-------+--------+---------------+
| LVCMOS33     |  3.30v |  N/A |  4    |  45    |  8            |
+--------------+--------+------+-------+--------+---------------+

Nets assigned to chip global resources
+--------+---------+---------------------------------------------------------------------+
| Fanout | Type    | Name                                                                |
+--------+---------+---------------------------------------------------------------------+
| 354    | INT_NET | Net   : test_0/mclk_1                                               |
|        |         | Driver: test_0/UCK1/U0_RGB1                                         |
|        |         | Source: NETLIST                                                     |
| 338    | INT_NET | Net   : test_0/sdclk_n_1                                            |
|        |         | Driver: test_0/UCK3/U0_RGB1                                         |
|        |         | Source: NETLIST                                                     |
| 319    | INT_NET | Net   : MSS_HPMS_READY_int_arst                                     |
|        |         | Driver: u8_sb_0/CORERESETP_0/MSS_HPMS_READY_int_rep_RNI50M1/U0_RGB1 |
|        |         | Source: NETLIST                                                     |
| 157    | INT_NET | Net   : test_0/u100/uctrl/un1_reset_n_1                             |
|        |         | Driver: test_0/u100/uctrl/un1_reset_n_1_RNISV19/U0_RGB1             |
|        |         | Source: NETLIST                                                     |
| 146    | INT_NET | Net   : test_0/u100/reset_n_arst                                    |
|        |         | Driver: test_0/u100/reset_n_RNI12DE/U0_RGB1                         |
|        |         | Source: NETLIST                                                     |
| 102    | INT_NET | Net   : test_0/u100/dop_clock_1                                     |
|        |         | Driver: test_0/u100/DSD138/UIN100/UCK14/U0_RGB1                     |
|        |         | Source: NETLIST                                                     |
| 102    | INT_NET | Net   : test_0/u100/UDOP/reset_n                                    |
|        |         | Driver: test_0/u100/UDOP/reset_n_RNI7Q8D/U0_RGB1                    |
|        |         | Source: NETLIST                                                     |
| 81     | INT_NET | Net   : test_0/u100/reset_n_arst_0                                  |
|        |         | Driver: test_0/u100/USPDIF_TX/reset_n_RNI5VME/U0_RGB1               |
|        |         | Source: NETLIST                                                     |
| 79     | INT_NET | Net   : test_0/u100/in_bck_1                                        |
|        |         | Driver: test_0/u100/DSD138/UIN100/UCK10/U0_RGB1                     |
|        |         | Source: NETLIST                                                     |
| 70     | INT_NET | Net   : test_0/u100/spdif_clock_1                                   |
|        |         | Driver: test_0/u100/DSD138/UIN100/UCK12/U0_RGB1                     |
|        |         | Source: NETLIST                                                     |
| 70     | INT_NET | Net   : test_0/u100/dsd_clk_1                                       |
|        |         | Driver: test_0/u100/UDSDCLK/U0_RGB1                                 |
|        |         | Source: NETLIST                                                     |
| 37     | INT_NET | Net   : u8_sb_0/GL0_INST                                            |
|        |         | Driver: u8_sb_0/CCC_0/GL0_INST/U0_RGB1                              |
|        |         | Source: NETLIST                                                     |
| 33     | INT_NET | Net   : mclk_c                                                      |
|        |         | Driver: mclk_ibuf_RNIC9QA/U0_RGB1                                   |
|        |         | Source: NETLIST                                                     |
| 18     | INT_NET | Net   : clock138_bck_c                                              |
|        |         | Driver: clock138_bck_ibuf_RNIS2E8/U0_RGB1                           |
|        |         | Source: NETLIST                                                     |
| 16     | INT_NET | Net   : test_0/dem_clk                                              |
|        |         | Driver: test_0/UCK300/U0_RGB1                                       |
|        |         | Source: NETLIST                                                     |
| 5      | INT_NET | Net   : test_0/sdclk_p                                              |
|        |         | Driver: test_0/UCK4/U0_RGB1                                         |
|        |         | Source: NETLIST                                                     |
+--------+---------+---------------------------------------------------------------------+

Nets assigned to row global resources
+--------+------+------+
| Fanout | Type | Name |
+--------+------+------+
+--------+------+------+

High fanout nets
+--------+---------+-------------------------------------------------------+
| Fanout | Type    | Name                                                  |
+--------+---------+-------------------------------------------------------+
| 84     | INT_NET | Net   : test_0/u100/use_dsd                           |
|        |         | Driver: test_0/u100/uctrl/use_dsd                     |
| 84     | INT_NET | Net   : test_0/u100/uctrl/state[1]                    |
|        |         | Driver: test_0/u100/uctrl/state[1]                    |
| 70     | INT_NET | Net   : test_0/u100/UPCMTX/reset_n_1                  |
|        |         | Driver: test_0/u100/UPCMTX/reset_n                    |
| 69     | INT_NET | Net   : test_0/u100/UDSDTX/reset_n_0                  |
|        |         | Driver: test_0/u100/UDSDTX/reset_n                    |
| 65     | INT_NET | Net   : test_0/u100/UDSDTX/i[4]                       |
|        |         | Driver: test_0/u100/UDSDTX/i[4]                       |
| 65     | INT_NET | Net   : test_0/u100/UDSDTX/N_1604                     |
|        |         | Driver: test_0/u100/UDSDTX/t19_0_o2                   |
| 64     | INT_NET | Net   : test_0/u100/uctrl/un1_state_6_i               |
|        |         | Driver: test_0/u100/uctrl/un1_state_6_0_o2_1_RNIPOT91 |
| 64     | INT_NET | Net   : test_0/u100/UPCMTX/t19                        |
|        |         | Driver: test_0/u100/UPCMTX/t19                        |
| 64     | INT_NET | Net   : test_0/u100/UD100/crc_clr_0                   |
|        |         | Driver: test_0/u100/UD100/crc_clr                     |
| 64     | INT_NET | Net   : test_0/u100/UD100/crc_en                      |
|        |         | Driver: test_0/u100/UD100/crc_en                      |
+--------+---------+-------------------------------------------------------+

High fanout nets (through buffer trees)
+--------+---------+-------------------------------------------------------+
| Fanout | Type    | Name                                                  |
+--------+---------+-------------------------------------------------------+
| 84     | INT_NET | Net   : test_0/u100/use_dsd                           |
|        |         | Driver: test_0/u100/uctrl/use_dsd                     |
| 84     | INT_NET | Net   : test_0/u100/uctrl/state[1]                    |
|        |         | Driver: test_0/u100/uctrl/state[1]                    |
| 70     | INT_NET | Net   : test_0/u100/UPCMTX/reset_n_1                  |
|        |         | Driver: test_0/u100/UPCMTX/reset_n                    |
| 69     | INT_NET | Net   : test_0/u100/UDSDTX/reset_n_0                  |
|        |         | Driver: test_0/u100/UDSDTX/reset_n                    |
| 65     | INT_NET | Net   : test_0/u100/UDSDTX/i[4]                       |
|        |         | Driver: test_0/u100/UDSDTX/i[4]                       |
| 65     | INT_NET | Net   : test_0/u100/UDSDTX/N_1604                     |
|        |         | Driver: test_0/u100/UDSDTX/t19_0_o2                   |
| 64     | INT_NET | Net   : test_0/u100/uctrl/un1_state_6_i               |
|        |         | Driver: test_0/u100/uctrl/un1_state_6_0_o2_1_RNIPOT91 |
| 64     | INT_NET | Net   : test_0/u100/UPCMTX/t19                        |
|        |         | Driver: test_0/u100/UPCMTX/t19                        |
| 64     | INT_NET | Net   : test_0/u100/UD100/crc_clr_0                   |
|        |         | Driver: test_0/u100/UD100/crc_clr                     |
| 64     | INT_NET | Net   : test_0/u100/UD100/crc_en                      |
|        |         | Driver: test_0/u100/UD100/crc_en                      |
+--------+---------+-------------------------------------------------------+

