----------------------------------------------------------------
-Pin Report - Date: Wed Aug 11 17:05:39 2021 Pinchecksum: NOT-AVAILABLE
-Product: Designer
-Release: v12.6
-Version: 12.900.20.24
-Design Name: u8
-Family: IGLOO2
-Die: M2GL025
-Package: 484 FBGA
-----------------------------------------------------------------

Port          |Pin  |Fixed |Function                      |Bank     |I/O Std   |Direction                      |I/O state in Flash*Freeze mode |Resistor Pull                      |I/O available in Flash*Freeze mode |Schmitt Trigger |Odt_Static    |Odt Imp (Ohm)  |Low Power Exit |Input Delay |Slew         |Pre-Emphasis      |Output Drive (mA) |Output Load (pF) |
--------------|-----|------|------------------------------|---------|----------|-------------------------------|-------------------------------|-----------------------------------|-----------------------------------|----------------|--------------|---------------|---------------|------------|-------------|------------------|------------------|-----------------|
clock138_bck   V21   Yes    MSIO3NB2                       Bank2     LVCMOS33   Input                           TRISTATE                        None                                No                                  Off              ---            ---             Off             Off          ---           ---                ---                ---               
clock138_data  U22   Yes    MSIO4PB2                       Bank2     LVCMOS33   Output                          TRISTATE                        None                                No                                  ---              ---            ---             ---             ---          ---           ---                4                  5                 
clock138_lrck  V22   Yes    MSIO3PB2                       Bank2     LVCMOS33   Input                           TRISTATE                        None                                No                                  Off              ---            ---             Off             Off          ---           ---                ---                ---               
cmd            Y10   Yes    MSIO121NB4/PROBE_B             Bank4     LVCMOS33   Inout                           TRISTATE                        None                                No                                  Off              ---            ---             Off             Off          ---           ---                4                  5                 
DEVRST_N       R15   Fixed  DEVRST_N                       ---       
dsd_ln0        B1    Yes    MSIO87NB7                      Bank7     LVCMOS33   Output                          TRISTATE                        None                                No                                  ---              ---            ---             ---             ---          ---           ---                4                  5                 
dsd_ln1        C1    Yes    MSIO87PB7                      Bank7     LVCMOS33   Output                          TRISTATE                        None                                No                                  ---              ---            ---             ---             ---          ---           ---                4                  5                 
dsd_ln2        D1    Yes    MSIO88PB7                      Bank7     LVCMOS33   Output                          TRISTATE                        None                                No                                  ---              ---            ---             ---             ---          ---           ---                4                  5                 
dsd_ln3        E1    Yes    MSIO89PB7                      Bank7     LVCMOS33   Output                          TRISTATE                        None                                No                                  ---              ---            ---             ---             ---          ---           ---                4                  5                 
dsd_ln4        G1    Yes    MSIO96NB7                      Bank7     LVCMOS33   Output                          TRISTATE                        None                                No                                  ---              ---            ---             ---             ---          ---           ---                4                  5                 
dsd_ln5        H1    Yes    MSIO96PB7/GB6/CCC_NW1_CLKI1    Bank7     LVCMOS33   Output                          TRISTATE                        None                                No                                  ---              ---            ---             ---             ---          ---           ---                4                  5                 
dsd_ln6        J1    Yes    MSIO98PB7/CCC_NW1_CLKI0        Bank7     LVCMOS33   Output                          TRISTATE                        None                                No                                  ---              ---            ---             ---             ---          ---           ---                4                  5                 
dsd_ln7        K1    Yes    MSIOD103PB6/CCC_SW0_CLKI0      Bank6     LVCMOS25   Output                          TRISTATE                        None                                No                                  ---              ---            ---             ---             ---          SLOW          ---                4                  5                 
dsd_lp0        A2    Yes    MSIO85NB7                      Bank7     LVCMOS33   Output                          TRISTATE                        None                                No                                  ---              ---            ---             ---             ---          ---           ---                4                  5                 
dsd_lp1        B2    Yes    MSIO85PB7                      Bank7     LVCMOS33   Output                          TRISTATE                        None                                No                                  ---              ---            ---             ---             ---          ---           ---                4                  5                 
dsd_lp2        D2    Yes    MSIO88NB7                      Bank7     LVCMOS33   Output                          TRISTATE                        None                                No                                  ---              ---            ---             ---             ---          ---           ---                4                  5                 
dsd_lp3        E2    Yes    MSIO89NB7                      Bank7     LVCMOS33   Output                          TRISTATE                        None                                No                                  ---              ---            ---             ---             ---          ---           ---                4                  5                 
dsd_lp4        F2    Yes    MSIO94NB7                      Bank7     LVCMOS33   Output                          TRISTATE                        None                                No                                  ---              ---            ---             ---             ---          ---           ---                4                  5                 
dsd_lp5        G2    Yes    MSIO94PB7                      Bank7     LVCMOS33   Output                          TRISTATE                        None                                No                                  ---              ---            ---             ---             ---          ---           ---                4                  5                 
dsd_lp6        J2    Yes    MSIO98NB7                      Bank7     LVCMOS33   Output                          TRISTATE                        None                                No                                  ---              ---            ---             ---             ---          ---           ---                4                  5                 
dsd_lp7        K2    Yes    MSIOD103NB6                    Bank6     LVCMOS25   Output                          TRISTATE                        None                                No                                  ---              ---            ---             ---             ---          SLOW          ---                4                  5                 
dsd_rn0        AA10  Yes    MSIO122PB4                     Bank4     LVCMOS33   Output                          TRISTATE                        None                                No                                  ---              ---            ---             ---             ---          ---           ---                4                  5                 
dsd_rn1        AA11  Yes    MSIO124PB4                     Bank4     LVCMOS33   Output                          TRISTATE                        None                                No                                  ---              ---            ---             ---             ---          ---           ---                4                  5                 
dsd_rn2        AA12  Yes    MSIO127PB4                     Bank4     LVCMOS33   Output                          TRISTATE                        None                                No                                  ---              ---            ---             ---             ---          ---           ---                4                  5                 
dsd_rn3        AA13  Yes    MSIO130PB4/VCCC_SE0_CLKI       Bank4     LVCMOS33   Output                          TRISTATE                        None                                No                                  ---              ---            ---             ---             ---          ---           ---                4                  5                 
dsd_rn4        AA15  Yes    MSIO134NB4                     Bank4     LVCMOS33   Output                          TRISTATE                        None                                No                                  ---              ---            ---             ---             ---          ---           ---                4                  5                 
dsd_rn5        AA16  Yes    MSIO138PB4                     Bank4     LVCMOS33   Output                          TRISTATE                        None                                No                                  ---              ---            ---             ---             ---          ---           ---                4                  5                 
dsd_rn6        AA17  Yes    MSIO138NB4                     Bank4     LVCMOS33   Output                          TRISTATE                        None                                No                                  ---              ---            ---             ---             ---          ---           ---                4                  5                 
dsd_rn7        AA18  Yes    MSIO137NB4                     Bank4     LVCMOS33   Output                          TRISTATE                        None                                No                                  ---              ---            ---             ---             ---          ---           ---                4                  5                 
dsd_rp0        AB10  Yes    MSIO122NB4                     Bank4     LVCMOS33   Output                          TRISTATE                        None                                No                                  ---              ---            ---             ---             ---          ---           ---                4                  5                 
dsd_rp1        AB11  Yes    MSIO124NB4                     Bank4     LVCMOS33   Output                          TRISTATE                        None                                No                                  ---              ---            ---             ---             ---          ---           ---                4                  5                 
dsd_rp2        AB13  Yes    MSIO129PB4/CCC_SW1_CLKI3       Bank4     LVCMOS33   Output                          TRISTATE                        None                                No                                  ---              ---            ---             ---             ---          ---           ---                4                  5                 
dsd_rp3        AB14  Yes    MSIO129NB4                     Bank4     LVCMOS33   Output                          TRISTATE                        None                                No                                  ---              ---            ---             ---             ---          ---           ---                4                  5                 
dsd_rp4        AB15  Yes    MSIO134PB4/VCCC_SE1_CLKI       Bank4     LVCMOS33   Output                          TRISTATE                        None                                No                                  ---              ---            ---             ---             ---          ---           ---                4                  5                 
dsd_rp5        AB17  Yes    MSIO137PB4                     Bank4     LVCMOS33   Output                          TRISTATE                        None                                No                                  ---              ---            ---             ---             ---          ---           ---                4                  5                 
dsd_rp6        AB18  Yes    MSIO142PB4                     Bank4     LVCMOS33   Output                          TRISTATE                        None                                No                                  ---              ---            ---             ---             ---          ---           ---                4                  5                 
dsd_rp7        AB19  Yes    MSIO142NB4                     Bank4     LVCMOS33   Output                          TRISTATE                        None                                No                                  ---              ---            ---             ---             ---          ---           ---                4                  5                 
en45           U15   Yes    MSIO136NB4                     Bank4     LVCMOS33   Output                          TRISTATE                        None                                No                                  ---              ---            ---             ---             ---          ---           ---                4                  5                 
en49           U17   Yes    MSIO144NB4                     Bank4     LVCMOS33   Output                          TRISTATE                        None                                No                                  ---              ---            ---             ---             ---          ---           ---                4                  5                 
led0           L20   Yes    MSIO17NB2                      Bank2     LVCMOS33   Output                          TRISTATE                        None                                No                                  ---              ---            ---             ---             ---          ---           ---                4                  5                 
led1           L21   Yes    MSIO17PB2                      Bank2     LVCMOS33   Output                          TRISTATE                        None                                No                                  ---              ---            ---             ---             ---          ---           ---                4                  5                 
led2           M21   Yes    MSIO16PB2                      Bank2     LVCMOS33   Output                          TRISTATE                        None                                No                                  ---              ---            ---             ---             ---          ---           ---                4                  5                 
led3           M22   Yes    MSIO16NB2                      Bank2     LVCMOS33   Output                          TRISTATE                        None                                No                                  ---              ---            ---             ---             ---          ---           ---                4                  5                 
led4           T21   Yes    MSIO5NB2                       Bank2     LVCMOS33   Output                          TRISTATE                        None                                No                                  ---              ---            ---             ---             ---          ---           ---                4                  5                 
led5           K20   Yes    MSIO19NB2                      Bank2     LVCMOS33   Output                          TRISTATE                        None                                No                                  ---              ---            ---             ---             ---          ---           ---                4                  5                 
led6           N21   Yes    MSIO13PB2/SPI_0_SDO            Bank2     LVCMOS33   Output                          TRISTATE                        None                                No                                  ---              ---            ---             ---             ---          ---           ---                4                  5                 
led7           N22   Yes    MSIO13NB2/SPI_0_SSO            Bank2     LVCMOS33   Output                          TRISTATE                        None                                No                                  ---              ---            ---             ---             ---          ---           ---                4                  5                 
mclk           U13   Yes    MSIO131PB4/GB11/VCCC_SE0_CLKI  Bank4     LVCMOS33   Input                           TRISTATE                        None                                No                                  Off              ---            ---             Off             Off          ---           ---                ---                ---               
obck           K18   Yes    MSIO23PB2                      Bank2     LVCMOS33   Inout                           TRISTATE                        None                                No                                  Off              ---            ---             Off             Off          ---           ---                4                  5                 
odata          K16   Yes    MSIO22NB2                      Bank2     LVCMOS33   Inout                           TRISTATE                        None                                No                                  Off              ---            ---             Off             Off          ---           ---                4                  5                 
olrck          K17   Yes    MSIO22PB2                      Bank2     LVCMOS33   Inout                           TRISTATE                        None                                No                                  Off              ---            ---             Off             Off          ---           ---                4                  5                 
sd_d0          Y15   Yes    MSIO135PB4                     Bank4     LVCMOS33   Inout                           TRISTATE                        None                                No                                  Off              ---            ---             Off             Off          ---           ---                4                  5                 
sd_d1          Y17   Yes    MSIO140PB4                     Bank4     LVCMOS33   Inout                           TRISTATE                        None                                No                                  Off              ---            ---             Off             Off          ---           ---                4                  5                 
sd_d2          Y13   Yes    MSIO130NB4                     Bank4     LVCMOS33   Inout                           TRISTATE                        None                                No                                  Off              ---            ---             Off             Off          ---           ---                4                  5                 
sd_d3          Y12   Yes    MSIO127NB4                     Bank4     LVCMOS33   Inout                           TRISTATE                        None                                No                                  Off              ---            ---             Off             Off          ---           ---                4                  5                 
sdclk          Y14   Yes    MSIO133PB4/GB15/VCCC_SE1_CLKI  Bank4     LVCMOS33   Input                           TRISTATE                        None                                No                                  Off              ---            ---             Off             Off          ---           ---                ---                ---               
spdif_en       P17   Yes    MSIO6PB2                       Bank2     LVCMOS33   Output                          TRISTATE                        None                                No                                  ---              ---            ---             ---             ---          ---           ---                4                  5                 
spdif_tx       T20   Yes    MSIO5PB2                       Bank2     LVCMOS33   Output                          TRISTATE                        None                                No                                  ---              ---            ---             ---             ---          ---           ---                4                  5                 
